// Jest Snapshot v1, https://goo.gl/fbAQLP

exports[`<If /> should match snapshot when false 1`] = `null`;

exports[`<If /> should match snapshot when truthy 1`] = `
<Text>
  Test
</Text>
`;
