// Jest Snapshot v1, https://goo.gl/fbAQLP

exports[`<Icon /> should render icon component correctly 1`] = `
<View
  style={Object {}}
>
  <View
    accessibilityLabel="testing_icon"
    accessible={true}
    focusable={true}
    onClick={[Function]}
    onResponderGrant={[Function]}
    onResponderMove={[Function]}
    onResponderRelease={[Function]}
    onResponderTerminate={[Function]}
    onResponderTerminationRequest={[Function]}
    onStartShouldSetResponder={[Function]}
    style={
      Object {
        "opacity": 1,
      }
    }
    testID="testing"
  >
    <View>
      <Text
        allowFontScaling={false}
        style={
          Array [
            Object {
              "color": undefined,
              "fontSize": 20,
            },
            undefined,
            Object {
              "fontFamily": "Material Design Icons",
              "fontStyle": "normal",
              "fontWeight": "normal",
            },
            Object {},
          ]
        }
      >
        ó°€ƒ
      </Text>
    </View>
  </View>
</View>
`;
