// Jest Snapshot v1, https://goo.gl/fbAQLP

exports[`<PasswordInput /> should render PasswordInput 1`] = `
<View
  multiline={false}
  style={
    Array [
      Object {
        "justifyContent": "flex-start",
        "paddingTop": 0,
        "position": "relative",
      },
      Object {},
    ]
  }
>
  <Text
    accessibilityLabel="Erro test"
    contrast={false}
    status="DEFAULT"
    style={
      Array [
        Object {
          "color": "#212121",
          "fontSize": 31,
          "lineHeight": 43,
          "position": "absolute",
          "top": 20,
        },
        Object {
          "fontSize": 35,
          "top": 20,
        },
      ]
    }
    testID="error_test"
    variant="body"
  >
    
  </Text>
  <View
    multiline={false}
    style={
      Array [
        Object {
          "alignItems": "center",
          "flexDirection": "row",
          "justifyContent": "center",
          "paddingTop": 18.857142857142858,
          "width": "100%",
        },
      ]
    }
  >
    <TextInput
      accessibility="test"
      accessibilityLabel="test"
      allowFontScaling={false}
      withoutBottomline={true}
      centered={false}
      contrast={false}
      id="test"
      isPlaceholder={true}
      keyboardType="default"
      large={false}
      multiline={false}
      onBlur={[Function]}
      onChangeText={[Function]}
      onFocus={[Function]}
      placeholder=""
      placeholderTextColor="#72727260"
      rejectResponderTermination={true}
      secureTextEntry={true}
      status="DEFAULT"
      style={
        Array [
          Object {
            "borderWidth": 0,
            "color": "#212121",
            "flexGrow": 1,
            "fontSize": 33,
            "lineHeight": 43,
            "marginTop": 0,
            "minHeight": 37.714285714285715,
            "paddingBottom": 0,
            "paddingLeft": 0,
            "paddingRight": 0,
            "paddingTop": 0,
          },
          Object {},
        ]
      }
      testID="test"
      textAlign="left"
      underlineColorAndroid="transparent"
      value=""
      variant="headline"
    />
    <View
      style={Object {}}
    >
      <View
        accessibilityLabel="icon_test"
        accessible={true}
        focusable={true}
        hitSlop={
          Object {
            "bottom": 40,
            "left": 40,
            "right": 40,
            "top": 40,
          }
        }
        onClick={[Function]}
        onResponderGrant={[Function]}
        onResponderMove={[Function]}
        onResponderRelease={[Function]}
        onResponderTerminate={[Function]}
        onResponderTerminationRequest={[Function]}
        onStartShouldSetResponder={[Function]}
        style={
          Object {
            "opacity": 1,
          }
        }
        testID="id_eye"
      >
        <View>
          <Text
            allowFontScaling={false}
            style={
              Array [
                Object {
                  "color": "#C6B09E",
                  "fontSize": 20,
                },
                undefined,
                Object {
                  "fontFamily": "Material Design Icons",
                  "fontStyle": "normal",
                  "fontWeight": "normal",
                },
                Object {},
              ]
            }
          >
            ó°ˆˆ
          </Text>
        </View>
      </View>
    </View>
  </View>
  <View
    contrast={false}
    status="DEFAULT"
    style={
      Array [
        Object {
          "backgroundColor": "#212121",
          "height": 0.5,
        },
      ]
    }
  />
</View>
`;
