// Jest Snapshot v1, https://goo.gl/fbAQLP

exports[`<TextInput /> should render textinput 1`] = `
<View
  multiline={false}
  style={
    Array [
      Object {
        "justifyContent": "flex-start",
        "paddingTop": 0,
        "position": "relative",
      },
      Object {},
    ]
  }
>
  <Text
    accessibilityLabel="Erro "
    contrast={false}
    status="DEFAULT"
    style={
      Array [
        Object {
          "color": "#212121",
          "fontSize": 31,
          "lineHeight": 43,
          "position": "absolute",
          "top": 20,
        },
        Object {
          "fontSize": 35,
          "top": 20,
        },
      ]
    }
    testID="error_test"
    variant="body"
  >
    
  </Text>
  <View
    multiline={false}
    style={
      Array [
        Object {
          "alignItems": "center",
          "flexDirection": "row",
          "justifyContent": "center",
          "paddingTop": 18.857142857142858,
          "width": "100%",
        },
      ]
    }
  >
    <TextInput
      accessibility=""
      accessibilityLabel=""
      allowFontScaling={false}
      withoutBottomline={true}
      centered={false}
      contrast={false}
      id="test"
      isPlaceholder={true}
      keyboardType="default"
      large={false}
      multiline={false}
      onBlur={[Function]}
      onChangeText={[Function]}
      onFocus={[Function]}
      placeholder=""
      placeholderTextColor="#72727260"
      rejectResponderTermination={true}
      status="DEFAULT"
      style={
        Array [
          Object {
            "borderWidth": 0,
            "color": "#212121",
            "flexGrow": 1,
            "fontSize": 33,
            "lineHeight": 43,
            "marginTop": 0,
            "minHeight": 37.714285714285715,
            "paddingBottom": 0,
            "paddingLeft": 0,
            "paddingRight": 0,
            "paddingTop": 0,
          },
          Object {},
        ]
      }
      testID="test"
      textAlign="left"
      underlineColorAndroid="transparent"
      value=""
      variant="headline"
    />
  </View>
  <View
    contrast={false}
    status="DEFAULT"
    style={
      Array [
        Object {
          "backgroundColor": "#212121",
          "height": 0.5,
        },
      ]
    }
  />
</View>
`;
