// Jest Snapshot v1, https://goo.gl/fbAQLP

exports[`<Avatar /> should render Avatar 1`] = `
<View
  accessibilityLabel=""
  accessible={true}
  focusable={true}
  onClick={[Function]}
  onResponderGrant={[Function]}
  onResponderMove={[Function]}
  onResponderRelease={[Function]}
  onResponderTerminate={[Function]}
  onResponderTerminationRequest={[Function]}
  onStartShouldSetResponder={[Function]}
  style={
    Object {
      "borderColor": "#547E6A",
      "borderRadius": 25,
      "borderWidth": 2,
      "height": 50,
      "opacity": 1,
      "overflow": "hidden",
      "position": "relative",
      "width": 50,
    }
  }
  testID="testing"
>
  <View
    style={
      Array [
        Object {
          "overflow": "hidden",
        },
        Object {
          "height": "101%",
          "width": "101%",
        },
      ]
    }
  >
    <FastImageView
      resizeMode="cover"
      source={
        Object {
          "uri": Object {
            "testUri": "../../../src/assets/images/avatar-placeholder.png",
          },
        }
      }
      style={
        Object {
          "bottom": 0,
          "left": 0,
          "position": "absolute",
          "right": 0,
          "top": 0,
        }
      }
    />
  </View>
</View>
`;

exports[`<Avatar /> should render Avatar with camera 1`] = `
<View
  accessibilityLabel=""
  accessible={true}
  focusable={true}
  onClick={[Function]}
  onResponderGrant={[Function]}
  onResponderMove={[Function]}
  onResponderRelease={[Function]}
  onResponderTerminate={[Function]}
  onResponderTerminationRequest={[Function]}
  onStartShouldSetResponder={[Function]}
  style={
    Object {
      "borderColor": "#547E6A",
      "borderRadius": 25,
      "borderWidth": 2,
      "height": 50,
      "opacity": 1,
      "overflow": "hidden",
      "position": "relative",
      "width": 50,
    }
  }
  testID="testing"
>
  <View
    style={
      Object {
        "alignItems": "center",
        "flex": 1,
        "justifyContent": "center",
      }
    }
  >
    <ActivityIndicator
      animating={true}
      color="#999999"
      hidesWhenStopped={true}
      size="small"
    />
  </View>
  <View
    size={50}
    style={
      Array [
        Object {
          "alignItems": "center",
          "backgroundColor": "#547E6A",
          "borderRadius": 6.25,
          "height": 12.5,
          "justifyContent": "center",
          "position": "absolute",
          "width": 12.5,
          "zIndex": 2,
        },
      ]
    }
  >
    <View
      style={
        Object {
          "color": "#ffffff",
        }
      }
    >
      <View
        accessibilityLabel="Camera"
        accessible={true}
        focusable={true}
        onClick={[Function]}
        onResponderGrant={[Function]}
        onResponderMove={[Function]}
        onResponderRelease={[Function]}
        onResponderTerminate={[Function]}
        onResponderTerminationRequest={[Function]}
        onStartShouldSetResponder={[Function]}
        style={
          Object {
            "opacity": 1,
          }
        }
        testID=""
      >
        <View>
          <Text
            allowFontScaling={false}
            style={
              Array [
                Object {
                  "color": undefined,
                  "fontSize": 20,
                },
                undefined,
                Object {
                  "fontFamily": "Material Design Icons",
                  "fontStyle": "normal",
                  "fontWeight": "normal",
                },
                Object {},
              ]
            }
          >
            ó°„€
          </Text>
        </View>
      </View>
    </View>
  </View>
</View>
`;
