// Jest Snapshot v1, https://goo.gl/fbAQLP

exports[`<FormError /> should render the form error component 1`] = `
<Text
  accessibilityLabel="Erro testing error"
  centered={false}
  large={true}
  style={
    Array [
      Object {
        "color": "#212121",
        "fontSize": 26,
        "lineHeight": 35,
      },
      Object {
        "color": "#cc0000",
        "marginTop": 0,
        "textAlign": "left",
      },
    ]
  }
  testID="error_"
  variant="footnote"
>
  testing error
</Text>
`;
