// Jest Snapshot v1, https://goo.gl/fbAQLP

exports[`<CheckBox /> should render checkbox component 1`] = `
<View
  style={
    Array [
      Object {},
    ]
  }
>
  <View
    accessible={true}
    focusable={true}
    onClick={[Function]}
    onResponderGrant={[Function]}
    onResponderMove={[Function]}
    onResponderRelease={[Function]}
    onResponderTerminate={[Function]}
    onResponderTerminationRequest={[Function]}
    onStartShouldSetResponder={[Function]}
    style={
      Array [
        Object {},
        Object {
          "marginBottom": 0,
        },
      ]
    }
  >
    <View
      style={
        Object {
          "alignItems": "center",
          "flexDirection": "row",
        }
      }
    >
      <Image
        source={
          Object {
            "testUri": "../../react-native-check-box/img/ic_check_box_outline_blank.png",
          }
        }
        style={
          Object {
            "tintColor": undefined,
          }
        }
      />
    </View>
  </View>
</View>
`;
