// Jest Snapshot v1, https://goo.gl/fbAQLP

exports[`<DropdownSelector /> should render DropdownSelector 1`] = `
<View
  style={
    Array [
      Object {
        "justifyContent": "flex-start",
        "paddingTop": 0,
        "position": "relative",
      },
      Object {},
    ]
  }
>
  <View
    borderedHeight={78.57142857142857}
    error={false}
    style={
      Array [
        Object {
          "backgroundColor": "transparent",
          "borderColor": "#C6B09E",
          "borderRadius": 0,
          "borderStyle": "solid",
          "borderWidth": 0,
          "height": 78.57142857142857,
          "justifyContent": "center",
        },
      ]
    }
  >
    <View
      style={
        Array [
          Object {
            "alignItems": "center",
            "flexDirection": "row",
            "width": "100%",
          },
        ]
      }
    >
      <View
        hasLeftIcon={false}
        style={
          Array [
            Object {
              "flexBasis": 0,
              "flexDirection": "column",
              "flexGrow": 1,
              "flexShrink": 1,
            },
          ]
        }
      >
        <Text
          accessibility=""
          accessibilityLabel=""
          hasLeftIcon={false}
          style={
            Array [
              Object {
                "color": "#212121",
                "fontSize": 11,
                "lineHeight": 13,
              },
              Object {
                "color": "#C6B09E",
                "marginBottom": 6.285714285714286,
                "marginLeft": 31.428571428571427,
                "marginTop": 6.285714285714286,
                "position": "absolute",
              },
            ]
          }
          testID=""
          variant="caption2"
        >
          
        </Text>
        <View>
          <RNCPicker
            items={
              Array [
                Object {
                  "label": "a",
                  "testID": undefined,
                  "textColor": undefined,
                  "value": "b",
                },
                Object {
                  "label": "c",
                  "testID": undefined,
                  "textColor": undefined,
                  "value": "c",
                },
              ]
            }
            onChange={[Function]}
            selectedIndex={0}
            style={
              Array [
                Object {
                  "height": 216,
                },
                undefined,
              ]
            }
            testID="test"
          />
        </View>
      </View>
    </View>
  </View>
</View>
`;
