// Jest Snapshot v1, https://goo.gl/fbAQLP

exports[`<Image /> should render Image component correctly 1`] = `
<View
  style={
    [
      {},
    ]
  }
>
  <View
    style={
      [
        {
          "overflow": "hidden",
        },
        undefined,
      ]
    }
  >
    <Image
      accessibilityLabel="testing_image"
      onLoad={[Function]}
      onLoadStart={[Function]}
      resizeMode="cover"
      source={
        {
          "uri": "https://www.google.com/images/branding/googlelogo/2x/googlelogo_color_272x92dp.png",
        }
      }
      style={
        [
          {
            "bottom": 0,
            "left": 0,
            "position": "absolute",
            "right": 0,
            "top": 0,
          },
          {
            "tintColor": undefined,
          },
        ]
      }
      testID="testing"
    />
  </View>
</View>
`;

exports[`<Image /> should render with custom placeholder animation and container colors 1`] = `
<View
  style={
    [
      {},
    ]
  }
>
  <View
    style={
      [
        {
          "overflow": "hidden",
        },
        undefined,
      ]
    }
  >
    <Image
      accessibilityLabel="testing_image"
      onLoad={[Function]}
      onLoadStart={[Function]}
      resizeMode="cover"
      source={
        {
          "uri": "https://www.google.com/images/branding/googlelogo/2x/googlelogo_color_272x92dp.png",
        }
      }
      style={
        [
          {
            "bottom": 0,
            "left": 0,
            "position": "absolute",
            "right": 0,
            "top": 0,
          },
          {
            "tintColor": undefined,
          },
        ]
      }
      testID="testing"
    />
  </View>
</View>
`;

exports[`<Image /> should render with custom placeholder animation color 1`] = `
<View
  style={
    [
      {},
    ]
  }
>
  <View
    style={
      [
        {
          "overflow": "hidden",
        },
        undefined,
      ]
    }
  >
    <Image
      accessibilityLabel="testing_image"
      onLoad={[Function]}
      onLoadStart={[Function]}
      resizeMode="cover"
      source={
        {
          "uri": "https://www.google.com/images/branding/googlelogo/2x/googlelogo_color_272x92dp.png",
        }
      }
      style={
        [
          {
            "bottom": 0,
            "left": 0,
            "position": "absolute",
            "right": 0,
            "top": 0,
          },
          {
            "tintColor": undefined,
          },
        ]
      }
      testID="testing"
    />
  </View>
</View>
`;

exports[`<Image /> should render with no placeholder 1`] = `
<View
  style={
    [
      {},
    ]
  }
>
  <View
    style={
      [
        {
          "overflow": "hidden",
        },
        undefined,
      ]
    }
  >
    <Image
      accessibilityLabel="testing_image"
      onLoad={[Function]}
      onLoadStart={[Function]}
      resizeMode="cover"
      source={
        {
          "uri": "https://www.google.com/images/branding/googlelogo/2x/googlelogo_color_272x92dp.png",
        }
      }
      style={
        [
          {
            "bottom": 0,
            "left": 0,
            "position": "absolute",
            "right": 0,
            "top": 0,
          },
          {
            "tintColor": undefined,
          },
        ]
      }
      testID="testing"
    />
  </View>
</View>
`;
